32 32
################################
#..........#...................#
#..@.$####.#..........D..#...$.#
##########.#.............#$.$..#
#..........#.............#..$.$#
#..........########.############
#..D................#..........#
#..........#........#......D...#
#..........#........#..........#
############.#####.##..........#
#................#.............#
#................###########.###
#................#.............#
#......####......#.............#
#......####......#......D......#
#...D..####..D...#.............#
#......####......#.............#
#................#.............#
##.###############.....D.......#
##.#...........................#
##.#.......D...................#
##.#.......................D...#
##.#...........................#
##.################..###########
#.......#......#...............#
#....D.........#...............#
#.......#......#..........D....#
#########......#...............#
#..$...........#...D...........#
#....$$$.......#...............#
#.$......$$....................#
################################
